
> axis-main@0.1.0 build
> next build

Γû▓ Next.js 16.2.1 (Turbopack)
- Environments: .env.local
- Experiments (use with caution):
  ┬╖ serverActions

  Creating an optimized production build ...
Γ£ô Compiled successfully in 14.4s
  Running TypeScript ...
  Finished TypeScript in 13.1s ...
  Collecting page data using 11 workers ...
  Generating static pages using 11 workers (0/15) ...
  Generating static pages using 11 workers (3/15) 
node.exe : Error occurred prerendering page "/admin/dashboard/inventory". Read more: 
https://nextjs.org/docs/messages/prerender-error
At line:1 char:1
+ & "C:\Program Files\nodejs/node.exe" "C:\Users\mmhho\AppData\Roaming\ ...
+ ~~~~~~~~~~~~~~~~~~~~~~~~~~~~~~~~~~~~~~~~~~~~~~~~~~~~~~~~~~~~~~~~~~~~~
    + CategoryInfo          : NotSpecified: (Error occurred ...prerender-error:String) [] 
   , RemoteException
    + FullyQualifiedErrorId : NativeCommandError
 
Error: Failed query: select "id", "title", "description", "image_url", "image_key", 
"image_source", "category", "price", "stock", "pdf_url", "pdf_key", "pdf_source", 
"subsidiary_id", "has_sizes", "sizes", "has_colors", "colors", "variant_inventory", 
"unify_price", "created_at" from "products" order by "products"."created_at" desc
params: 
    at f7.queryWithCache (C:\Users\mmhho\Downloads\axis-main\axis-main\.next\server\chunks
\ssr\src_db_index_ts_02dlp.l._.js:25:37214)
    at async f7.execute (C:\Users\mmhho\Downloads\axis-main\axis-main\.next\server\chunks\
ssr\src_db_index_ts_02dlp.l._.js:25:39538)
    at async j (C:\Users\mmhho\Downloads\axis-main\axis-main\.next\server\chunks\ssr\[root
-of-the-server]__0csvy45._.js:1:2960) {
  query: 'select "id", "title", "description", "image_url", "image_key", "image_source", 
"category", "price", "stock", "pdf_url", "pdf_key", "pdf_source", "subsidiary_id", 
"has_sizes", "sizes", "has_colors", "colors", "variant_inventory", "unify_price", 
"created_at" from "products" order by "products"."created_at" desc',
  params: [],
  digest: '3470277518',
  [cause]: Error [NeonDbError]: column "variant_inventory" does not exist
      at bw.execute (C:\Users\mmhho\Downloads\axis-main\axis-main\.next\server\chunks\ssr\
src_db_index_ts_02dlp.l._.js:14:10934)
      at async (C:\Users\mmhho\Downloads\axis-main\axis-main\.next\server\chunks\ssr\src_d
b_index_ts_02dlp.l._.js:25:39581)
      at async f7.queryWithCache (C:\Users\mmhho\Downloads\axis-main\axis-main\.next\serve
r\chunks\ssr\src_db_index_ts_02dlp.l._.js:25:37189)
      at async f7.execute (C:\Users\mmhho\Downloads\axis-main\axis-main\.next\server\chunk
s\ssr\src_db_index_ts_02dlp.l._.js:25:39538)
      at async j (C:\Users\mmhho\Downloads\axis-main\axis-main\.next\server\chunks\ssr\[ro
ot-of-the-server]__0csvy45._.js:1:2960) {
    severity: 'ERROR',
    code: '42703',
    detail: undefined,
    hint: undefined,
    position: '209',
    internalPosition: undefined,
    internalQuery: undefined,
    where: undefined,
    schema: undefined,
    table: undefined,
    column: undefined,
    dataType: undefined,
    constraint: undefined,
    file: 'parse_relation.c',
    line: '3716',
    routine: 'errorMissingColumn',
    sourceError: undefined
  }
}
Export encountered an error on /admin/dashboard/inventory/page: 
/admin/dashboard/inventory, exiting the build.
Γ¿» Next.js build worker exited with code: 1 and signal: null
